SQL> CREATE TABLE client_master (client_no varchar2(6) CONSTRAINT clintno_pri PRIMARY KEY, name varchar2(20) NOT NULL, address1 varchar2(30), address2 varchar2(30), city varchar2(15), state varchar2(15), pincode number(6), bal_due number(10,2), CONSTRAINT CLINTNO_CHECK_C CHECK (client_no LIKE 'C%'))
  2  /

Table created.

SQL> CREATE TABLE product_master (product_no varchar2(6) CONSTRAINT productno_pri PRIMARY KEY, description varchar2(5) NOT NULL, profit_percent number(5,2) NOT NULL, unit_measure varchar2(10) NOT NULL, qty_on_hand number(8) NOT NULL, reorder_lvl number(8) NOT NULL, sell_price number(8,2) NOT NULL CHECK (sell_price>0), cost_price number(8,2) NOT NULL CHECK (cost_price>0), CONSTRAINT productno_check_p CHECK (product_no LIKE 'P%'))
  2  /

Table created.

SQL> CREATE TABLE salesman_master (salesman_no varchar2(6) CONSTRAINT salesman_no_pri PRIMARY KEY, salesman_name varchar2(20) NOT NULL, address1 varchar2(30) NOT NULL, address2 varchar2(30), city varchar2(20), pincode number(6), state varchar2(20), sal_amt number(8,2) NOT NULL CHECK (sal_amt>0),tgt_to_get number(6,2) NOT NULL CHECK (tgt_to_get>0), ytd_sales number(6,2) NOT NULL, remarks varchar2(60))
  2  /

Table created.

SQL> CREATE TABLE sales_order (order_no varchar2(6) CONSTANT order_no_pri PRIMARY KEY, order_date date, client_no varchar2(6) CONSTRAINT sales_ref_client_clientno REFERENCES client_master(client_no), dely_addr varchar2(25), salesman_no varchar2(6) CONSTRAINT sales_ref_sales_master_salesman_no REFERENCES salesman_master(salesman_no), dely_type char(1) DEFAULT 'F' CHECK (dely_type IN('P', 'F')), billed_yn char(1), dely_date date CHECK (order_date<dely_date), order_status varchar2(10) CHECK (order_status IN ('Process', 'Fulfilled', 'Back Order', 'Canceled')), CONSTRAINT orderno_check_o CHECK (order_no LIKE 'O%'))
  2  /
CREATE TABLE sales_order (order_no varchar2(6) CONSTANT order_no_pri PRIMARY KEY, order_date date, client_no varchar2(6) CONSTRAINT sales_ref_client_clientno REFERENCES client_master(client_no), dely_addr varchar2(25), salesman_no varchar2(6) CONSTRAINT sales_ref_sales_master_salesman_no REFERENCES salesman_master(salesman_no), dely_type char(1) DEFAULT 'F' CHECK (dely_type IN('P', 'F')), billed_yn char(1), dely_date date CHECK (order_date<dely_date), order_status varchar2(10) CHECK (order_status IN ('Process', 'Fulfilled', 'Back Order', 'Canceled')), CONSTRAINT orderno_check_o CHECK (order_no LIKE 'O%'))
                                               *
ERROR at line 1:
ORA-00907: missing right parenthesis 


SQL> CREATE TABLE sales_order (order_no varchar2(6) CONSTRAINT order_no_pri PRIMARY KEY, order_date date, client_no varchar2(6) CONSTRAINT sales_ref_client_clientno REFERENCES client_master(client_no), dely_addr varchar2(25), salesman_no varchar2(6) CONSTRAINT sales_ref_sales_master_salesman_no REFERENCES salesman_master(salesman_no), dely_type char(1) DEFAULT 'F' CHECK (dely_type IN('P', 'F')), billed_yn char(1), dely_date date CHECK (order_date<dely_date), order_status varchar2(10) CHECK (order_status IN ('Process', 'Fulfilled', 'Back Order', 'Canceled')), CONSTRAINT orderno_check_o CHECK (order_no LIKE 'O%'))
  2  /
CREATE TABLE sales_order (order_no varchar2(6) CONSTRAINT order_no_pri PRIMARY KEY, order_date date, client_no varchar2(6) CONSTRAINT sales_ref_client_clientno REFERENCES client_master(client_no), dely_addr varchar2(25), salesman_no varchar2(6) CONSTRAINT sales_ref_sales_master_salesman_no REFERENCES salesman_master(salesman_no), dely_type char(1) DEFAULT 'F' CHECK (dely_type IN('P', 'F')), billed_yn char(1), dely_date date CHECK (order_date<dely_date), order_status varchar2(10) CHECK (order_status IN ('Process', 'Fulfilled', 'Back Order', 'Canceled')), CONSTRAINT orderno_check_o CHECK (order_no LIKE 'O%'))
                                                                                                                                                                                                                                                                *
ERROR at line 1:
ORA-00972: identifier is too long 


SQL> CREATE TABLE sales_order (order_no varchar2(6) CONSTRAINT orderno_pri PRIMARY KEY, order_date date, client_no varchar2(6) CONSTRAINT sales_ref_client_clientno REFERENCES client_master(client_no), dely_addr varchar2(25), salesman_no varchar2(6) CONSTRAINT sales_ref_sales_master_salesman_no REFERENCES salesman_master(salesman_no), dely_type char(1) DEFAULT 'F' CHECK (dely_type IN('P', 'F')), billed_yn char(1), dely_date date CHECK (order_date<dely_date), order_status varchar2(10) CHECK (order_status IN ('Process', 'Fulfilled', 'Back Order', 'Canceled')), CONSTRAINT orderno_check_o CHECK (order_no LIKE 'O%'))
  2  /
CREATE TABLE sales_order (order_no varchar2(6) CONSTRAINT orderno_pri PRIMARY KEY, order_date date, client_no varchar2(6) CONSTRAINT sales_ref_client_clientno REFERENCES client_master(client_no), dely_addr varchar2(25), salesman_no varchar2(6) CONSTRAINT sales_ref_sales_master_salesman_no REFERENCES salesman_master(salesman_no), dely_type char(1) DEFAULT 'F' CHECK (dely_type IN('P', 'F')), billed_yn char(1), dely_date date CHECK (order_date<dely_date), order_status varchar2(10) CHECK (order_status IN ('Process', 'Fulfilled', 'Back Order', 'Canceled')), CONSTRAINT orderno_check_o CHECK (order_no LIKE 'O%'))
                                                                                                                                                                                                                                                               *
ERROR at line 1:
ORA-00972: identifier is too long 


SQL> CREATE TABLE sales_order (order_no varchar2(6) CONSTRAINT order_pri PRIMARY KEY, order_date date, client_no varchar2(6) CONSTRAINT sales_ref_client_clientno REFERENCES client_master(client_no), dely_addr varchar2(25), salesman_no varchar2(6) CONSTRAINT sales_ref_sales_master_salesman_no REFERENCES salesman_master(salesman_no), dely_type char(1) DEFAULT 'F' CHECK (dely_type IN('P', 'F')), billed_yn char(1), dely_date date CHECK (order_date<dely_date), order_status varchar2(10) CHECK (order_status IN ('Process', 'Fulfilled', 'Back Order', 'Canceled')), CONSTRAINT orderno_check_o CHECK (order_no LIKE 'O%'))
  2  /
CREATE TABLE sales_order (order_no varchar2(6) CONSTRAINT order_pri PRIMARY KEY, order_date date, client_no varchar2(6) CONSTRAINT sales_ref_client_clientno REFERENCES client_master(client_no), dely_addr varchar2(25), salesman_no varchar2(6) CONSTRAINT sales_ref_sales_master_salesman_no REFERENCES salesman_master(salesman_no), dely_type char(1) DEFAULT 'F' CHECK (dely_type IN('P', 'F')), billed_yn char(1), dely_date date CHECK (order_date<dely_date), order_status varchar2(10) CHECK (order_status IN ('Process', 'Fulfilled', 'Back Order', 'Canceled')), CONSTRAINT orderno_check_o CHECK (order_no LIKE 'O%'))
                                                                                                                                                                                                                                                             *
ERROR at line 1:
ORA-00972: identifier is too long 


SQL> CREATE TABLE sales_order (order_no varchar2(6) CONSTRAINT order_pri PRIMARY KEY, order_date date, client_no varchar2(6) CONSTRAINT sales_ref_client_clientno REFERENCES client_master(client_no) NO DELETE CASCADE, dely_addr varchar2(25), salesman_no varchar2(6) CONSTRAINT sales_ref_sales_master_salesman_no REFERENCES salesman_master(salesman_no) NO DELETE CASCADE, dely_type char(1) DEFAULT 'F' CHECK (dely_type IN('P', 'F')), billed_yn char(1), dely_date date CHECK (order_date<dely_date), order_status varchar2(10) CHECK (order_status IN ('Process', 'Fulfilled', 'Back Order', 'Canceled')), CONSTRAINT orderno_check_o CHECK (order_no LIKE 'O%'))
  2  /
CREATE TABLE sales_order (order_no varchar2(6) CONSTRAINT order_pri PRIMARY KEY, order_date date, client_no varchar2(6) CONSTRAINT sales_ref_client_clientno REFERENCES client_master(client_no) NO DELETE CASCADE, dely_addr varchar2(25), salesman_no varchar2(6) CONSTRAINT sales_ref_sales_master_salesman_no REFERENCES salesman_master(salesman_no) NO DELETE CASCADE, dely_type char(1) DEFAULT 'F' CHECK (dely_type IN('P', 'F')), billed_yn char(1), dely_date date CHECK (order_date<dely_date), order_status varchar2(10) CHECK (order_status IN ('Process', 'Fulfilled', 'Back Order', 'Canceled')), CONSTRAINT orderno_check_o CHECK (order_no LIKE 'O%'))
                                                                                                                                                                                                 *
ERROR at line 1:
ORA-00907: missing right parenthesis 


SQL> CREATE TABLE sales_order (order_no varchar2(6) CONSTRAINT order_pri PRIMARY KEY, order_date date, client_no varchar2(6) CONSTRAINT sales_ref_client_clientno REFERENCES client_master(client_no) ON DELETE CASCADE, dely_addr varchar2(25), salesman_no varchar2(6) CONSTRAINT sales_ref_sales_master_salesman_no REFERENCES salesman_master(salesman_no) ON DELETE CASCADE, dely_type char(1) DEFAULT 'F' CHECK (dely_type IN('P', 'F')), billed_yn char(1), dely_date date CHECK (order_date<dely_date), order_status varchar2(10) CHECK (order_status IN ('Process', 'Fulfilled', 'Back Order', 'Canceled')), CONSTRAINT orderno_check_o CHECK (order_no LIKE 'O%'))
  2  /
CREATE TABLE sales_order (order_no varchar2(6) CONSTRAINT order_pri PRIMARY KEY, order_date date, client_no varchar2(6) CONSTRAINT sales_ref_client_clientno REFERENCES client_master(client_no) ON DELETE CASCADE, dely_addr varchar2(25), salesman_no varchar2(6) CONSTRAINT sales_ref_sales_master_salesman_no REFERENCES salesman_master(salesman_no) ON DELETE CASCADE, dely_type char(1) DEFAULT 'F' CHECK (dely_type IN('P', 'F')), billed_yn char(1), dely_date date CHECK (order_date<dely_date), order_status varchar2(10) CHECK (order_status IN ('Process', 'Fulfilled', 'Back Order', 'Canceled')), CONSTRAINT orderno_check_o CHECK (order_no LIKE 'O%'))
                                                                                                                                                                                                                                                                               *
ERROR at line 1:
ORA-00972: identifier is too long 


SQL> CREATE TABLE sales_order (order_no varchar2(6) CONSTRAINT order_pri PRIMARY KEY, order_date date, client_no varchar2(6) CONSTRAINT ref_clientno REFERENCES client_master(client_no) ON DELETE CASCADE, dely_addr varchar2(25), salesman_no varchar2(6) CONSTRAINT ref_salesmanno REFERENCES salesman_master(salesman_no) ON DELETE CASCADE, dely_type char(1) DEFAULT 'F' CHECK (dely_type IN('P', 'F')), billed_yn char(1), dely_date date CHECK (order_date<dely_date), order_status varchar2(10) CHECK (order_status IN ('Process', 'Fulfilled', 'Back Order', 'Canceled')), CONSTRAINT orderno_check_o CHECK (order_no LIKE 'O%'))
  2  
SQL> CREATE TABLE sales_order (order_no varchar2(6) CONSTRAINT order_pri PRIMARY KEY, order_date date, client_no varchar2(6) CONSTRAINT ref_clientno REFERENCES client_master(client_no) ON DELETE CASCADE, dely_addr varchar2(25), salesman_no varchar2(6) CONSTRAINT ref_salesmanno REFERENCES salesman_master(salesman_no) ON DELETE CASCADE, dely_type char(1) DEFAULT 'F' CHECK (dely_type IN('P', 'F')), billed_yn char(1), dely_date date CHECK (order_date<dely_date), order_status varchar2(10) CHECK (order_status IN ('Process', 'Fulfilled', 'Back Order', 'Canceled')), CONSTRAINT orderno_check_o CHECK (order_no LIKE 'O%')) ;
CREATE TABLE sales_order (order_no varchar2(6) CONSTRAINT order_pri PRIMARY KEY, order_date date, client_no varchar2(6) CONSTRAINT ref_clientno REFERENCES client_master(client_no) ON DELETE CASCADE, dely_addr varchar2(25), salesman_no varchar2(6) CONSTRAINT ref_salesmanno REFERENCES salesman_master(salesman_no) ON DELETE CASCADE, dely_type char(1) DEFAULT 'F' CHECK (dely_type IN('P', 'F')), billed_yn char(1), dely_date date CHECK (order_date<dely_date), order_status varchar2(10) CHECK (order_status IN ('Process', 'Fulfilled', 'Back Order', 'Canceled')), CONSTRAINT orderno_check_o CHECK (order_no LIKE 'O%')) 
                                                                                                                                                                                                                                                                                                                                                                                                                                                                        *
ERROR at line 1:
ORA-02438: Column check constraint cannot reference other columns 


SQL> CREATE TABLE sales_order (order_no varchar2(6) CONSTRAINT order_pri PRIMARY KEY, order_date date, client_no varchar2(6) CONSTRAINT ref_clientno REFERENCES client_master(client_no) ON DELETE CASCADE, dely_addr varchar2(25), salesman_no varchar2(6) CONSTRAINT ref_salesmanno REFERENCES salesman_master(salesman_no) ON DELETE CASCADE, dely_type char(1) DEFAULT 'F' CHECK (dely_type IN('P', 'F')), billed_yn char(1), dely_date date CHECK (order_date<dely_date), order_status varchar2(10) CHECK (order_status IN ('Process', 'Fulfilled', 'Back Order', 'Canceled')), CONSTRAINT orderno_check_o CHECK (order_no LIKE 'O%'))
  2  /
CREATE TABLE sales_order (order_no varchar2(6) CONSTRAINT order_pri PRIMARY KEY, order_date date, client_no varchar2(6) CONSTRAINT ref_clientno REFERENCES client_master(client_no) ON DELETE CASCADE, dely_addr varchar2(25), salesman_no varchar2(6) CONSTRAINT ref_salesmanno REFERENCES salesman_master(salesman_no) ON DELETE CASCADE, dely_type char(1) DEFAULT 'F' CHECK (dely_type IN('P', 'F')), billed_yn char(1), dely_date date CHECK (order_date<dely_date), order_status varchar2(10) CHECK (order_status IN ('Process', 'Fulfilled', 'Back Order', 'Canceled')), CONSTRAINT orderno_check_o CHECK (order_no LIKE 'O%'))
                                                                                                                                                                                                                                                                                                                                                                                                                                                                        *
ERROR at line 1:
ORA-02438: Column check constraint cannot reference other columns 


SQL> CREATE TABLE sales_order (order_no varchar2(6) CONSTRAINT order_pri PRIMARY KEY,
  2  order_date date,
  3  client_no varchar2(6) CONSTRAINT ref_clientno REFERENCES client_master(client_no) ON DELETE CASCADE,
  4  dely_addr varchar2(25),
  5  salesman_no varchar2(6) CONSTRAINT ref_salesmanno REFERENCES salesman_master(salesman_no) ON DELETE CASCADE,
  6  dely_type char(1) DEFAULT 'F' CHECK (dely_type IN('P', 'F')), billed_yn char(1),
  7  dely_date date CHECK (order_date<dely_date),
  8  order_status varchar2(10) CHECK (order_status IN ('Process', 'Fulfilled', 'Back Order', 'Canceled')),
  9  CONSTRAINT orderno_check_o CHECK (order_no LIKE 'O%')) ;
dely_date date CHECK (order_date<dely_date),
                                           *
ERROR at line 7:
ORA-02438: Column check constraint cannot reference other columns 


SQL> CREATE TABLE sales_order (order_no varchar2(6) CONSTRAINT order_pri PRIMARY KEY,
  2  order_date date,
  3  client_no varchar2(6) CONSTRAINT ref_clientno REFERENCES client_master(client_no) ON DELETE CASCADE,
  4  dely_addr varchar2(25),
  5  salesman_no varchar2(6) CONSTRAINT ref_salesmanno REFERENCES salesman_master(salesman_no) ON DELETE CASCADE,
  6  dely_type char(1) DEFAULT 'F' CHECK (dely_type IN('P', 'F')), billed_yn char(1),
  7  dely_date date,
  8  order_status varchar2(10) CHECK (order_status IN ('Process', 'Fulfilled', 'Back Order', 'Canceled')),
  9  CONSTRAINT orderno_check_o CHECK (order_no LIKE 'O%'),
 10  CONSTANT dely_date_check CHECK (order_date<dely_date)) ;
CONSTANT dely_date_check CHECK (order_date<dely_date)) 
                                                     *
ERROR at line 10:
ORA-02438: Column check constraint cannot reference other columns 


SQL> CREATE TABLE sales_order (order_no varchar2(6) CONSTRAINT order_pri PRIMARY KEY,
  2  order_date date,
  3  client_no varchar2(6) CONSTRAINT ref_clientno REFERENCES client_master(client_no) ON DELETE CASCADE,
  4  dely_addr varchar2(25),
  5  salesman_no varchar2(6) CONSTRAINT ref_salesmanno REFERENCES salesman_master(salesman_no) ON DELETE CASCADE,
  6  dely_type char(1) DEFAULT 'F' CHECK (dely_type IN('P', 'F')), billed_yn char(1),
  7  dely_date date,
  8  order_status varchar2(10) CHECK (order_status IN ('Process', 'Fulfilled', 'Back Order', 'Canceled')),
  9  CONSTRAINT orderno_check_o CHECK (order_no LIKE 'O%'),
 10  CONSTRAINT dely_date_check CHECK (order_date<dely_date));

Table created.

SQL> SPOOL OFF
